exports[`Search snapshots 1`] = `
<form>
  <input
    className="Search-input"
    type="text"
    value={undefined} />
  <button
    className="Search-button"
    type="submit">
    Search
  </button>
</form>
`;
