exports[`test snapshots 1`] = `
<div
  className="page">
  <div
    className="interactions">
    <form
      onSubmit={undefined}>
      <input
        className="Search-input"
        onChange={undefined}
        type="text"
        value="react" />
      <button
        className="Search-button"
        type="submit">
        Search
      </button>
    </form>
  </div>
  <table
    className="table">
    <thead>
      <tr>
        <th>
          Title
        </th>
        <th>
          Author
        </th>
        <th>
          Comments
        </th>
        <th>
          Points
        </th>
      </tr>
    </thead>
    <tbody>
      <tr>
        <td>
          <a
            href="https://github.com/facebook/react-native">
            React Native is now open source
          </a>
        </td>
        <td>
          peterhunt
        </td>
        <td>
          287
        </td>
        <td>
          1039
        </td>
      </tr>
      <tr>
        <td>
          <a
            href="https://code.facebook.com/posts/1189117404435352/">
            React Native for Android
          </a>
        </td>
        <td>
          Kajdav
        </td>
        <td>
          239
        </td>
        <td>
          907
        </td>
      </tr>
      <tr>
        <td>
          <a
            href="https://facebook.github.io/react/blog/2016/07/22/create-apps-with-no-configuration.html">
            Create React Apps with No Configuration
          </a>
        </td>
        <td>
          vjeux
        </td>
        <td>
          241
        </td>
        <td>
          777
        </td>
      </tr>
      <tr>
        <td>
          <a
            href="https://github.com/blog/2119-add-reactions-to-pull-requests-issues-and-comments">
            Add Reactions to Pull Requests, Issues, and Comments
          </a>
        </td>
        <td>
          WillAbides
        </td>
        <td>
          223
        </td>
        <td>
          736
        </td>
      </tr>
      <tr>
        <td>
          <a
            href="https://facebook.github.io/react/blog/2016/04/07/react-v15.html">
            React v15.0
          </a>
        </td>
        <td>
          clessg
        </td>
        <td>
          163
        </td>
        <td>
          695
        </td>
      </tr>
      <tr>
        <td>
          <a
            href="http://courses.reactjsprogram.com/courses/reactjsfundamentals">
            Free React.js Fundamentals Course
          </a>
        </td>
        <td>
          tm33
        </td>
        <td>
          112
        </td>
        <td>
          676
        </td>
      </tr>
      <tr>
        <td>
          <a
            href="https://github.com/ptmt/react-native-desktop">
            React Native for OS X
          </a>
        </td>
        <td>
          BafS
        </td>
        <td>
          256
        </td>
        <td>
          637
        </td>
      </tr>
      <tr>
        <td>
          <a
            href="http://jlongster.com/Removing-User-Interface-Complexity,-or-Why-React-is-Awesome">
            Removing User Interface Complexity, or Why React is Awesome
          </a>
        </td>
        <td>
          jlongster
        </td>
        <td>
          219
        </td>
        <td>
          632
        </td>
      </tr>
      <tr>
        <td>
          <a
            href="http://reactfordesigners.com/labs/reactjs-introduction-for-people-who-know-just-enough-jquery-to-get-by/">
            React.js Introduction for People Who Know Just Enough JQuery
          </a>
        </td>
        <td>
          chibicode
        </td>
        <td>
          230
        </td>
        <td>
          614
        </td>
      </tr>
      <tr>
        <td>
          <a
            href="http://blueprintjs.com/">
            Blueprint â€“ A React UI toolkit for the web
          </a>
        </td>
        <td>
          ika
        </td>
        <td>
          203
        </td>
        <td>
          603
        </td>
      </tr>
    </tbody>
  </table>
  <div
    className="interactions">
    <button
      className="ButtonWithLoading"
      onClick={undefined}
      type="button">
      More
    </button>
  </div>
</div>
`;
